[www.tutorialspoint.com/reactjs/index.html]
[backblue.gif]
[fade.gif]
[index.html]
[www.tutorialspoint.com/theme/js/script-min-v4.js]
[www.tutorialspoint.com/theme/css/style-min.css]
[www.tutorialspoint.com/images/pattern.png]
[www.tutorialspoint.com/images/loading-cg.gif]
[www.tutorialspoint.com/reactjs/images/logo.png]
[www.tutorialspoint.com/theme/css/icons/image-editor.png]
[www.tutorialspoint.com/reactjs/images/reactjs-mini-logo.jpg]
[www.tutorialspoint.com/reactjs/index-2.html]
[www.tutorialspoint.com/reactjs/reactjs_overview.html]
[www.tutorialspoint.com/reactjs/reactjs_environment_setup.html]
[www.tutorialspoint.com/reactjs/reactjs_jsx.html]
[www.tutorialspoint.com/reactjs/reactjs_components.html]
[www.tutorialspoint.com/reactjs/reactjs_state.html]
[www.tutorialspoint.com/reactjs/reactjs_props_overview.html]
[www.tutorialspoint.com/reactjs/reactjs_props_validation.html]
[www.tutorialspoint.com/reactjs/reactjs_component_api.html]
[www.tutorialspoint.com/reactjs/reactjs_component_life_cycle.html]
[www.tutorialspoint.com/reactjs/reactjs_forms.html]
[www.tutorialspoint.com/reactjs/reactjs_events.html]
[www.tutorialspoint.com/reactjs/reactjs_refs.html]
[www.tutorialspoint.com/reactjs/reactjs_keys.html]
[www.tutorialspoint.com/reactjs/reactjs_router.html]
[www.tutorialspoint.com/reactjs/reactjs_flux_concept.html]
[www.tutorialspoint.com/reactjs/reactjs_using_flux.html]
[www.tutorialspoint.com/reactjs/reactjs_animations.html]
[www.tutorialspoint.com/reactjs/reactjs_higher_order_components.html]
[www.tutorialspoint.com/reactjs/reactjs_best_practices.html]
[www.tutorialspoint.com/reactjs/images/reactjs.jpg]
[pagead2.googlesyndication.com/pagead/f.txt]
[www.tutorialspoint.com/images/facebookIcon.jpg]
[www.tutorialspoint.com/images/twitterIcon.jpg]
[www.tutorialspoint.com/images/linkedinIcon.jpg]
[www.tutorialspoint.com/images/googlePlusIcon.jpg]
[www.tutorialspoint.com/images/StumbleUponIcon.jpg]
[www.tutorialspoint.com/images/reddit.jpg]
[www.tutorialspoint.com/scripts/img/logo-footer.png]
[www.tutorialspoint.com/theme/js/custom-min.js]
[www.google-analytics.com/urchin.js]
[www.tutorialspoint.com/reactjs/index.html]
[www.tutorialspoint.com/theme/css/style-min.css]
[www.tutorialspoint.com/reactjs/index-2.html]
[www.tutorialspoint.com/reactjs/reactjs_overview.html]
[www.tutorialspoint.com/reactjs/images/react-hello-world.jpg]
[www.tutorialspoint.com/reactjs/reactjs_environment_setup.html]
[www.tutorialspoint.com/reactjs/images/react_jsx_wrapper.jpg]
[www.tutorialspoint.com/reactjs/images/react_jsx_inline_javascript.jpg]
[www.tutorialspoint.com/reactjs/images/react_jsx_ternary_expression.jpg]
[www.tutorialspoint.com/reactjs/images/react_jsx_inline_style.jpg]
[www.tutorialspoint.com/reactjs/reactjs_jsx.html]
[www.tutorialspoint.com/reactjs/images/react_components_stateless.jpg]
[www.tutorialspoint.com/reactjs/images/react_components_statefull.jpg]
[www.tutorialspoint.com/reactjs/reactjs_components.html]
[www.tutorialspoint.com/reactjs/images/react_state_simple.jpg]
[www.tutorialspoint.com/reactjs/reactjs_state.html]
[www.tutorialspoint.com/reactjs/images/react_props_example.jpg]
[www.tutorialspoint.com/reactjs/reactjs_props_overview.html]
[www.tutorialspoint.com/reactjs/images/react_props_validation_example.jpg]
[www.tutorialspoint.com/reactjs/images/react_props_validation_error.jpg]
[www.tutorialspoint.com/reactjs/images/react_props_validation_error2.jpg]
[www.tutorialspoint.com/reactjs/reactjs_props_validation.html]
[www.tutorialspoint.com/reactjs/images/react-component-api-set-state.jpg]
[www.tutorialspoint.com/reactjs/images/react-component-api-force-update.jpg]
[www.tutorialspoint.com/reactjs/images/react-component-api-find-dom-node.jpg]
[www.tutorialspoint.com/reactjs/reactjs_component_api.html]
[www.tutorialspoint.com/reactjs/images/react-component-lifecycle-initial-screen.jpg]
[www.tutorialspoint.com/reactjs/images/react-component-lifecycle-initial-log.jpg]
[www.tutorialspoint.com/reactjs/images/react-component-lifecycle-change-log.jpg]
[www.tutorialspoint.com/reactjs/images/react-component-lifecycle-unmount-log.jpg]
[www.tutorialspoint.com/reactjs/reactjs_component_life_cycle.html]
[www.tutorialspoint.com/reactjs/images/react-forms-simple.jpg]
[www.tutorialspoint.com/reactjs/images/react-forms-complex.jpg]
[www.tutorialspoint.com/reactjs/reactjs_forms.html]
[www.tutorialspoint.com/reactjs/images/react-events-simple.jpg]
[www.tutorialspoint.com/reactjs/images/react-events-child.jpg]
[www.tutorialspoint.com/reactjs/reactjs_events.html]
[www.tutorialspoint.com/reactjs/images/react-refs-example.jpg]
[www.tutorialspoint.com/reactjs/reactjs_refs.html]
[www.tutorialspoint.com/reactjs/images/react-keys-example.jpg]
[www.tutorialspoint.com/reactjs/reactjs_keys.html]
[www.tutorialspoint.com/reactjs/images/react-router-example.jpg]
[www.tutorialspoint.com/reactjs/reactjs_router.html]
[www.tutorialspoint.com/reactjs/images/react-flux-concept-image.jpg]
[www.tutorialspoint.com/reactjs/reactjs_flux_concept.html]
[www.tutorialspoint.com/reactjs/images/react-redux-folder-structure.jpg]
[www.tutorialspoint.com/reactjs/images/react-redux-example.jpg]
[www.tutorialspoint.com/reactjs/reactjs_using_flux.html]
[www.tutorialspoint.com/reactjs/images/react-animations-appear.jpg]
[www.tutorialspoint.com/reactjs/images/react-animations-enter-prompt.jpg]
[www.tutorialspoint.com/reactjs/images/react-animations-enter-fade-in.jpg]
[www.tutorialspoint.com/reactjs/images/react-animations-leave-fade-out.jpg]
[www.tutorialspoint.com/reactjs/reactjs_animations.html]
[www.tutorialspoint.com/reactjs/images/react-higher-order-components-output.jpg]
[www.tutorialspoint.com/reactjs/reactjs_higher_order_components.html]
[www.tutorialspoint.com/reactjs/reactjs_best_practices.html]
[www.tutorialspoint.com/reactjs/reactjs_quick_guide.html]
[www.tutorialspoint.com/reactjs/reactjs_useful_resources.html]
[www.tutorialspoint.com/reactjs/reactjs_discussion.html]
